qiming/README.md
qiming/components.json
qiming/eslint.config.js
qiming/index.html
qiming/package-lock.json
qiming/package.json
qiming/tsconfig.app.json
qiming/tsconfig.json
qiming/tsconfig.node.json
qiming/vite.config.ts

qiming/node_modules:
@babel
@base-ui
@cacheable
@dotenvx
@eslint
@eslint-community
@floating-ui
@fontsource-variable
@hono
@humanfs
@humanwhocodes
@jridgewell
@keyv
@modelcontextprotocol
@nodelib
@oxc-project
@rolldown
@sec-ant
@shadcn
@sindresorhus
@tailwindcss
@ts-morph
@types
@typescript-eslint
@vitejs
accepts
acorn
acorn-jsx
ajv
ajv-formats
ansi-colors
ansi-regex
ast-types
atomically
balanced-match
baseline-browser-mapping
body-parser
brace-expansion
braces
browserslist
bundle-name
bytes
cacheable
call-bind-apply-helpers
call-bound
caniuse-lite
chalk
class-variance-authority
cli-cursor
cli-spinners
clsx
cn
code-block-writer
commander
conf
content-disposition
content-type
convert-source-map
cookie
cookie-signature
cors
cross-spawn
cssesc
csstype
debounce-fn
debug
dedent
deep-is
deepmerge
default-browser
default-browser-id
define-lazy-prop
depd
detect-libc
diff
dot-prop
dotenv
dunder-proto
ee-first
electron-to-chromium
emoji-regex
encodeurl
enhanced-resolve
enquirer
env-paths
es-define-property
es-errors
es-object-atoms
escalade
escape-html
escape-string-regexp
eslint
eslint-plugin-react-hooks
eslint-plugin-react-refresh
eslint-scope
eslint-visitor-keys
espree
esprima
esquery
esrecurse
estraverse
esutils
etag
eventsource
eventsource-parser
execa
express
express-rate-limit
fast-deep-equal
fast-glob
fast-json-stable-stringify
fast-levenshtein
fast-uri
fastq
fdir
figures
file-entry-cache
fill-range
finalhandler
find-up
flat-cache
flatted
forwarded
fresh
fs-extra
fsevents
function-bind
fuzzysort
gensync
get-east-asian-width
get-intrinsic
get-own-enumerable-keys
get-proto
get-stream
glob-parent
globals
gopd
graceful-fs
has-symbols
hashery
hasown
hermes-estree
hermes-parser
hono
hookified
http-errors
human-signals
iconv-lite
ignore
imurmurhash
inherits
ip-address
ipaddr.js
is-docker
is-extglob
is-glob
is-in-ssh
is-inside-container
is-interactive
is-number
is-obj
is-plain-obj
is-promise
is-regexp
is-stream
is-unicode-supported
is-wsl
isexe
jiti
jose
js-tokens
jsesc
json-schema-traverse
json-schema-typed
json-stable-stringify-without-jsonify
json5
jsonfile
keyv
kleur
levn
lightningcss
lightningcss-darwin-x64
locate-path
log-symbols
lru-cache
lucide-react
magic-string
math-intrinsics
media-typer
merge-descriptors
merge-stream
merge2
micromatch
mime-db
mime-types
mimic-fn
mimic-function
minimatch
minimist
ms
nanoid
natural-compare
negotiator
node-releases
npm-run-path
object-assign
object-inspect
object-treeify
on-finished
once
onetime
open
optionator
ora
p-limit
p-locate
p-try
parse-ms
parseurl
path-browserify
path-exists
path-key
path-to-regexp
picocolors
picomatch
pkce-challenge
pkg-up
postcss
postcss-selector-parser
powershell-utils
prelude-ls
prettier
prettier-plugin-tailwindcss
pretty-ms
prompts
proxy-addr
punycode
qified
qs
queue-microtask
range-parser
raw-body
react
react-dom
recast
require-from-string
reselect
restore-cursor
reusify
rolldown
router
run-applescript
run-parallel
safer-buffer
scheduler
semver
send
serve-static
setprototypeof
shadcn
shebang-command
shebang-regex
side-channel
side-channel-list
side-channel-map
side-channel-weakmap
signal-exit
sisteransi
smart-buffer
socks
source-map
source-map-js
statuses
stdin-discarder
string-width
stringify-object
strip-ansi
strip-bom
strip-final-newline
systeminformation
tailwindcss
tapable
tiny-invariant
tinyglobby
to-regex-range
toidentifier
ts-api-utils
ts-morph
tsconfig-paths
tslib
tw-animate-css
type-check
type-fest
type-is
typescript
typescript-eslint
undici
undici-types
unicorn-magic
universalify
unpipe
update-browserslist-db
uri-js
use-sync-external-store
util-deprecate
validate-npm-package-name
vary
vite
which
word-wrap
wrappy
wsl-utils
yallist
yocto-queue
yocto-spinner
yoctocolors
zod
zod-to-json-schema
zod-validation-error

qiming/public:
vite.svg

qiming/src:
App.tsx
assets
components
index.css
lib
main.tsx
